// Jest Snapshot v1, https://goo.gl/fbAQLP

exports[`SamplePipeline ClonePipeline 1`] = `
[
  {
    "apiVersion": "tekton.dev/v1beta1",
    "kind": "Pipeline",
    "metadata": {
      "name": "clone-build-push",
    },
    "spec": {
      "description": "This pipeline closes a repository, builds a Docker image, etc.",
      "params": [
        {
          "name": "repo-url",
          "type": "string",
        },
      ],
      "tasks": [
        {
          "name": "fetch-source",
          "params": [
            {
              "name": "url",
              "value": "$(params.repo-url)",
            },
          ],
          "taskRef": {
            "name": "git-clone",
          },
          "workspaces": [
            {
              "name": "output",
              "workspace": "shared-data",
            },
          ],
        },
      ],
      "workspaces": [
        {
          "name": "shared-data",
        },
      ],
    },
  },
]
`;
